13:49:37 **** Incremental Build of configuration Debug for project 003LED ****
make -j12 all 
arm-none-eabi-gcc "../Src/main.c" -mcpu=cortex-m4 -std=gnu11 -g3 -DSTM32 -DSTM32F4 -DSTM32F446RETx -DDEBUG -c -I../Inc -O0 -ffunction-sections -fdata-sections -Wall -fstack-usage -MMD -MP -MF"Src/main.d" -MT"Src/main.o" --specs=nano.specs -mfloat-abi=soft -mthumb -o "Src/main.o"
arm-none-eabi-gcc -o "003LED.elf" @"objects.list"   -mcpu=cortex-m4 -T"C:\Users\Tyson\Documents\Embedded_Curse1\003LED\STM32F446RETX_FLASH.ld" --specs=nosys.specs -Wl,-Map="003LED.map" -Wl,--gc-sections -static --specs=nano.specs -mfloat-abi=soft -mthumb -Wl,--start-group -lc -lm -Wl,--end-group
Finished building target: 003LED.elf
 
arm-none-eabi-objdump -h -S  003LED.elf  > "003LED.list"
arm-none-eabi-objcopy  -O binary  003LED.elf  "003LED.bin"
arm-none-eabi-size   003LED.elf 
   text	   data	    bss	    dec	    hex	filename
    852	     20	   1564	   2436	    984	003LED.elf
Finished building: 003LED.list
Finished building: 003LED.bin
Finished building: default.size.stdout
 
 
 

13:49:41 Build Finished. 0 errors, 0 warnings. (took 4s.487ms)

