19:56:18 **** Incremental Build of configuration Debug for project 005PinRead ****
make -j12 all 
arm-none-eabi-gcc "../Src/main.c" -mcpu=cortex-m4 -std=gnu11 -g3 -DSTM32 -DSTM32F4 -DSTM32F446RETx -DDEBUG -c -I../Inc -O3 -ffunction-sections -fdata-sections -Wall -fstack-usage -MMD -MP -MF"Src/main.d" -MT"Src/main.o" --specs=nano.specs -mfloat-abi=soft -mthumb -o "Src/main.o"
arm-none-eabi-gcc -o "005PinRead.elf" @"objects.list"   -mcpu=cortex-m4 -T"C:\Users\Tyson\Documents\Embedded_Curse1\005PinRead\STM32F446RETX_FLASH.ld" --specs=nosys.specs -Wl,-Map="005PinRead.map" -Wl,--gc-sections -static --specs=nano.specs -mfloat-abi=soft -mthumb -Wl,--start-group -lc -lm -Wl,--end-group
Finished building target: 005PinRead.elf
 
arm-none-eabi-objdump -h -S  005PinRead.elf  > "005PinRead.list"
arm-none-eabi-objcopy  -O binary  005PinRead.elf  "005PinRead.bin"
arm-none-eabi-size   005PinRead.elf 
   text	   data	    bss	    dec	    hex	filename
    776	      8	   1568	   2352	    930	005PinRead.elf
Finished building: 005PinRead.list
Finished building: 005PinRead.bin
Finished building: default.size.stdout
 
 
 

19:56:22 Build Finished. 0 errors, 0 warnings. (took 4s.615ms)

